// Jest Snapshot v1, https://goo.gl/fbAQLP

exports[`Library renders correctly with Jest renders correctly 1`] = `
<ContextConsumer>
  <Component />
</ContextConsumer>
`;
