// Jest Snapshot v1, https://goo.gl/fbAQLP

exports[`MusicMenu renders correctly with Jest renders correctly 1`] = `
<ContextConsumer>
  <Component />
</ContextConsumer>
`;
